## Common shapes

#### MavenDependencyModule

`MavenDependencyModule` is a basic data structure that contains maven-like
metadata. This metadata is embedded in the `data: Option[Json]` field of the `DependencyModule` definition, when the `dataKind` field contains "maven".

```ts
export interface MavenDependencyModule {
  organization: String;

  name: String;

  version: String;

  /** List of module's artifacts with different classifiers.
   * For example: [
   *   {uri = "../scala-library-2.13.5.jar"},
   *   {uri = "../scala-library-2.13.5-sources.jar", classifier = "sources"}
   * ] */
  artifacts: MavenDependencyModuleArtifact[];

  scope?: String;
}
```

#### MavenDependencyModuleArtifact


```ts
export interface MavenDependencyModuleArtifact {
  /** Path to jar */
  uri: URI;

  /** Empty or `sources`|`docs` */
  classifier?: String;
}
```

#### URI

A resource identifier that is a valid URI according to rfc3986:
https://tools.ietf.org/html/rfc3986

```ts
export type URI = String;
```

