## Common shapes

#### PythonBuildTarget

`PythonBuildTarget` is a basic data structure that contains Python-specific
metadata, specifically the interpreter reference and the Python version.
This metadata is embedded in the `data: Option[Json]` field of the `BuildTarget` definition when
the `dataKind` field contains "python".

```ts
export interface PythonBuildTarget {
  version?: string;

  interpreter?: URI;
}
```


## BSP Server remote interface

### PythonOptions: request

The Python Options Request is sent from the client to the server to
query for the list of the interpreter flags used to run a given list of
targets.

- method: `buildTarget/pythonOptions`
- params: `PythonOptionsParams`
- result: `PythonOptionsResult`

#### PythonOptionsParams


```ts
export interface PythonOptionsParams {
  targets: BuildTargetIdentifier[];
}
```

#### PythonOptionsResult


```ts
export interface PythonOptionsResult {
  items: PythonOptionsItem[];
}
```

#### PythonOptionsItem


```ts
export interface PythonOptionsItem {
  target: BuildTargetIdentifier;

  /** Attributes added to the interpreter command
   * For example: -E */
  interpreterOptions: string[];
}
```
